// Jest Snapshot v1, https://goo.gl/fbAQLP

exports[`Order should match the snapshot 1`] = `
<div>
  <div
    class="sc-aXZVg Ea-DSp"
    role="button"
    tabindex="0"
  >
    <svg
      class="lucide lucide-arrow-down-up"
      fill="none"
      height="24"
      stroke="currentColor"
      stroke-linecap="round"
      stroke-linejoin="round"
      stroke-width="2"
      viewBox="0 0 24 24"
      width="24"
      xmlns="http://www.w3.org/2000/svg"
    >
      <path
        d="m3 16 4 4 4-4"
      />
      <path
        d="M7 20V4"
      />
      <path
        d="m21 8-4-4-4 4"
      />
      <path
        d="M17 4v16"
      />
    </svg>
    <span>
      Add Order
    </span>
  </div>
</div>
`;
