// Jest Snapshot v1, https://goo.gl/fbAQLP

exports[`Header should match the snapshot 1`] = `
<div>
  <header
    class="sc-aXZVg bwHViG"
  >
    <div
      class="sc-gEvEer hPDMNs"
    >
      <img
        alt="Ricky and Morty logo"
        src="RickAndMortyLogo.png"
        width="160px"
      />
      <div
        role="button"
        tabindex="0"
      >
        <svg
          class="lucide lucide-moon"
          data-testid="icon-light"
          fill="none"
          height="24"
          stroke="currentColor"
          stroke-linecap="round"
          stroke-linejoin="round"
          stroke-width="2"
          viewBox="0 0 24 24"
          width="24"
          xmlns="http://www.w3.org/2000/svg"
        >
          <path
            d="M12 3a6 6 0 0 0 9 9 9 9 0 1 1-9-9Z"
          />
        </svg>
      </div>
    </div>
  </header>
</div>
`;
