// Jest Snapshot v1, https://goo.gl/fbAQLP

exports[`Template should match the snapshot 1`] = `
<div>
  <div
    class="sc-aXZVg ynpvd"
    data-testid="template-container"
  >
    <div>
      <svg
        aria-label="goback-icon"
        class="lucide lucide-arrow-big-left"
        fill="none"
        height="24"
        role="button"
        stroke="currentColor"
        stroke-linecap="round"
        stroke-linejoin="round"
        stroke-width="2"
        viewBox="0 0 24 24"
        width="30px"
        xmlns="http://www.w3.org/2000/svg"
      >
        <path
          d="M18 15h-6v4l-7-7 7-7v4h6v6z"
        />
      </svg>
    </div>
    <div>
      test
    </div>
  </div>
</div>
`;
